
=== Run started 2026-08-06 14:06:17 (smoke_test=True) ===
Using device: cuda
Train samples: 64 | Val samples: 32 (patient-grouped split)
Train class counts: {'CNV': 64, 'DME': 0, 'Drusen': 0, 'Normal': 0}
Trainable params: 22,071,300 / 23,516,228 (unfrozen: ('layer3.', 'layer4.', 'fc.'))
Epoch 1/1 (40s) - train_loss: 1.2310 train_acc: 0.7344 - val_loss: 1.1816 val_acc: 0.9062 val_macro_f1: 0.4754 - lr: 1.00e-04
  -> new best val_macro_f1=0.4754, checkpoint saved
=== Run finished. Best val_macro_f1: 0.4754 ===

=== Run started 2026-08-06 14:08:00 (smoke_test=True) ===
Using device: cuda
Train samples: 32 | Val samples: 16 (patient-grouped split)
Train class counts: {'CNV': 16, 'DME': 16, 'Drusen': 0, 'Normal': 0}
Trainable params: 22,071,300 / 23,516,228 (unfrozen: ('layer3.', 'layer4.', 'fc.'))
Epoch 1/1 (18s) - train_loss: 1.3879 train_acc: 0.1875 - val_loss: 1.2909 val_acc: 0.6250 val_macro_f1: 0.6190 - lr: 1.00e-04

=== Run started 2026-08-06 14:11:12 (smoke_test=True) ===
Using device: cuda
Classes detected from folder names: ['CNV', 'DME', 'DRUSEN', 'NORMAL']
Train samples: 64 | Val samples: 32 (patient-grouped split)
Train class counts: {'CNV': 16, 'DME': 16, 'DRUSEN': 16, 'NORMAL': 16}
Trainable params: 22,071,300 / 23,516,228 (unfrozen: ('layer3.', 'layer4.', 'fc.'))
Epoch 1/1 (21s) - train_loss: 1.3909 train_acc: 0.2500 - val_loss: 1.4103 val_acc: 0.0625 val_macro_f1: 0.0526 - lr: 1.00e-04
  -> new best val_macro_f1=0.0526, checkpoint saved
=== Run finished. Best val_macro_f1: 0.0526 ===

=== Run started 2026-08-06 14:12:18 (smoke_test=False) ===
Using device: cuda
Classes detected from folder names: ['CNV', 'DME', 'DRUSEN', 'NORMAL']
Train samples: 68244 | Val samples: 15272 (patient-grouped split)
Train class counts: {'CNV': 29422, 'DME': 9454, 'DRUSEN': 6890, 'NORMAL': 22478}
Trainable params: 22,071,300 / 23,516,228 (unfrozen: ('layer3.', 'layer4.', 'fc.'))
Epoch 1/30 (1412s) - train_loss: 0.2610 train_acc: 0.9186 - val_loss: 0.1806 val_acc: 0.9396 val_macro_f1: 0.9210 - lr: 1.00e-04
  -> new best val_macro_f1=0.9210, checkpoint saved
Epoch 2/30 (1086s) - train_loss: 0.1632 train_acc: 0.9477 - val_loss: 0.2022 val_acc: 0.9312 val_macro_f1: 0.9125 - lr: 1.00e-04
Epoch 3/30 (948s) - train_loss: 0.1399 train_acc: 0.9535 - val_loss: 0.1804 val_acc: 0.9384 val_macro_f1: 0.9201 - lr: 1.00e-04
Epoch 4/30 (1006s) - train_loss: 0.1195 train_acc: 0.9605 - val_loss: 0.1517 val_acc: 0.9472 val_macro_f1: 0.9302 - lr: 1.00e-04
  -> new best val_macro_f1=0.9302, checkpoint saved

=== Run started 2026-08-06 15:58:46 (smoke_test=True) ===
Using device: cuda
Classes detected from folder names: ['CNV', 'DME', 'DRUSEN', 'NORMAL']
Train samples: 64 | Val samples: 32 (patient-grouped split)
Train class counts: {'CNV': 16, 'DME': 16, 'DRUSEN': 16, 'NORMAL': 16}
Trainable params: 22,071,300 / 23,516,228 (unfrozen: ('layer3.', 'layer4.', 'fc.'))
Warm-starting from existing checkpoint I:\Coding\visioret\model\checkpoints\resnet50_oct.pth (prior val_macro_f1=-1.0000); optimizer/scheduler start fresh.
Epoch 1/1 (42s) - train_loss: 0.3549 train_acc: 0.8750 - val_loss: 0.3961 val_acc: 0.7812 val_macro_f1: 0.7633 - lr: 1.00e-04
  -> new best val_macro_f1=0.7633, checkpoint saved
=== Run finished. Best val_macro_f1: 0.7633 ===

=== Run started 2026-08-06 16:01:34 (smoke_test=False) ===
Using device: cuda
Classes detected from folder names: ['CNV', 'DME', 'DRUSEN', 'NORMAL']
Train samples: 68244 | Val samples: 15272 (patient-grouped split)
Train class counts: {'CNV': 29422, 'DME': 9454, 'DRUSEN': 6890, 'NORMAL': 22478}
Trainable params: 22,071,300 / 23,516,228 (unfrozen: ('layer3.', 'layer4.', 'fc.'))
Warm-starting from existing checkpoint I:\Coding\visioret\model\checkpoints\resnet50_oct.pth (prior val_macro_f1=0.9302); optimizer/scheduler start fresh.
Epoch 1/30 (1365s) - train_loss: 0.1083 train_acc: 0.9649 - val_loss: 0.1875 val_acc: 0.9345 val_macro_f1: 0.9166 - lr: 1.00e-04
Epoch 2/30 (1244s) - train_loss: 0.1043 train_acc: 0.9653 - val_loss: 0.1712 val_acc: 0.9436 val_macro_f1: 0.9258 - lr: 1.00e-04
Epoch 3/30 (1065s) - train_loss: 0.0947 train_acc: 0.9692 - val_loss: 0.1802 val_acc: 0.9409 val_macro_f1: 0.9230 - lr: 1.00e-04
Epoch 4/30 (827s) - train_loss: 0.0850 train_acc: 0.9718 - val_loss: 0.2268 val_acc: 0.9268 val_macro_f1: 0.9094 - lr: 1.00e-04
Epoch 5/30 (903s) - train_loss: 0.0788 train_acc: 0.9735 - val_loss: 0.2513 val_acc: 0.9203 val_macro_f1: 0.9019 - lr: 5.00e-05
No improvement for 5 epochs, stopping early.
=== Run finished. Best val_macro_f1: 0.9302 ===

=== Run started 2026-08-06 17:41:27 (smoke_test=True) ===
Using device: cuda
Classes detected from folder names: ['CNV', 'DME', 'DRUSEN', 'NORMAL']
Created new patient-grouped train/val/test split, saved to I:\Coding\visioret\model\checkpoints\patient_split.json
Patient split -> train: 4002 patients / val: 858 patients / test: 858 patients (test reserved, untouched during training)
Train samples: 64 | Val samples: 32
Train class counts: {'CNV': 16, 'DME': 16, 'DRUSEN': 16, 'NORMAL': 16}
Trainable params: 22,071,300 / 23,516,228 (unfrozen: ('layer3.', 'layer4.', 'fc.'))
Warm-starting from existing checkpoint I:\Coding\visioret\model\checkpoints\resnet50_oct.pth (prior val_macro_f1=0.9302); optimizer/scheduler start fresh.
Epoch 1/1 (21s) - train_loss: 0.3590 train_acc: 0.8594 - val_loss: 0.0254 val_acc: 1.0000 val_macro_f1: 1.0000 - lr: 1.00e-04

=== Run started 2026-08-06 17:44:53 (smoke_test=True) ===
Using device: cuda
Classes detected from folder names: ['CNV', 'DME', 'DRUSEN', 'NORMAL']
Loaded existing patient split from I:\Coding\visioret\model\checkpoints\patient_split.json
Patient split -> train: 4002 patients / val: 858 patients / test: 858 patients (test reserved, untouched during training)
Train samples: 64 | Val samples: 32
Train class counts: {'CNV': 16, 'DME': 16, 'DRUSEN': 16, 'NORMAL': 16}
Trainable params: 22,071,300 / 23,516,228 (unfrozen: ('layer3.', 'layer4.', 'fc.'))
Warm-starting from existing checkpoint I:\Coding\visioret\model\checkpoints\resnet50_oct.pth (prior val_macro_f1=0.9302); optimizer/scheduler start fresh.
Epoch 1/1 (15s) - train_loss: 0.2385 train_acc: 0.9062 - val_loss: 0.0232 val_acc: 1.0000 val_macro_f1: 1.0000 - lr: 1.00e-04
  -> new best val_macro_f1=1.0000, checkpoint saved
=== Run finished. Best val_macro_f1: 1.0000 ===

=== Run started 2026-08-06 17:45:49 (smoke_test=False) ===
Using device: cuda
Classes detected from folder names: ['CNV', 'DME', 'DRUSEN', 'NORMAL']
Loaded existing patient split from I:\Coding\visioret\model\checkpoints\patient_split.json
Patient split -> train: 4002 patients / val: 858 patients / test: 858 patients (test reserved, untouched during training)
Train samples: 57708 | Val samples: 13630
Train class counts: {'CNV': 24461, 'DME': 7941, 'DRUSEN': 6721, 'NORMAL': 18585}
Trainable params: 22,071,300 / 23,516,228 (unfrozen: ('layer3.', 'layer4.', 'fc.'))
Warm-starting from existing checkpoint I:\Coding\visioret\model\checkpoints\resnet50_oct.pth (prior val_macro_f1=0.9302); optimizer/scheduler start fresh.
Epoch 1/30 (1162s) - train_loss: 0.1120 train_acc: 0.9640 - val_loss: 0.1310 val_acc: 0.9549 val_macro_f1: 0.9308 - lr: 1.00e-04
  -> new best val_macro_f1=0.9308, checkpoint saved
Epoch 2/30 (943s) - train_loss: 0.0924 train_acc: 0.9707 - val_loss: 0.1888 val_acc: 0.9383 val_macro_f1: 0.9095 - lr: 1.00e-04
Epoch 3/30 (855s) - train_loss: 0.0832 train_acc: 0.9734 - val_loss: 0.1945 val_acc: 0.9404 val_macro_f1: 0.9099 - lr: 1.00e-04
Epoch 4/30 (810s) - train_loss: 0.0746 train_acc: 0.9752 - val_loss: 0.1753 val_acc: 0.9468 val_macro_f1: 0.9159 - lr: 5.00e-05
Epoch 5/30 (755s) - train_loss: 0.0523 train_acc: 0.9835 - val_loss: 0.1975 val_acc: 0.9440 val_macro_f1: 0.9124 - lr: 5.00e-05
Epoch 6/30 (293s) - train_loss: 0.0454 train_acc: 0.9850 - val_loss: 0.1951 val_acc: 0.9417 val_macro_f1: 0.9084 - lr: 5.00e-05
No improvement for 5 epochs, stopping early.
=== Run finished. Best val_macro_f1: 0.9308 ===

=== Run started 2026-08-20 09:50:53 (smoke_test=True) ===
Using device: cuda
Classes detected from folder names: ['CNV', 'DME', 'DRUSEN', 'NORMAL']
Loaded existing patient split from I:\Coding\visioret\model\checkpoints\patient_split.json
Patient split -> train: 4002 patients / val: 858 patients / test: 858 patients (test reserved, untouched during training)
Train samples: 64 | Val samples: 32
Train class counts: {'CNV': 16, 'DME': 16, 'DRUSEN': 16, 'NORMAL': 16}
Trainable params: 22,071,300 / 23,516,228 (unfrozen: ('layer3.', 'layer4.', 'fc.'))
Warm-starting from existing checkpoint I:\Coding\visioret\model\checkpoints\resnet50_oct.pth (prior val_macro_f1=0.9308); optimizer/scheduler start fresh.
Epoch 1/1 (44s) - train_loss: 0.5531 train_acc: 0.8125 - val_loss: 0.1524 val_acc: 0.9375 val_macro_f1: 0.9389 - lr: 1.00e-04
  -> new best val_macro_f1=0.9389, checkpoint saved
=== Run finished. Best val_macro_f1: 0.9389 ===

=== Run started 2026-08-20 09:52:37 (smoke_test=False) ===
Using device: cuda
Classes detected from folder names: ['CNV', 'DME', 'DRUSEN', 'NORMAL']
Loaded existing patient split from I:\Coding\visioret\model\checkpoints\patient_split.json
Patient split -> train: 4002 patients / val: 858 patients / test: 858 patients (test reserved, untouched during training)
Train samples: 57708 | Val samples: 13630
Train class counts: {'CNV': 24461, 'DME': 7941, 'DRUSEN': 6721, 'NORMAL': 18585}
Trainable params: 22,071,300 / 23,516,228 (unfrozen: ('layer3.', 'layer4.', 'fc.'))
Warm-starting from existing checkpoint I:\Coding\visioret\model\checkpoints\resnet50_oct.pth (prior val_macro_f1=0.9389); optimizer/scheduler start fresh.

=== Run started 2026-08-20 10:52:24 (smoke_test=True) ===
Using device: cuda
Classes detected from folder names: ['CNV', 'DME', 'DRUSEN', 'NORMAL']
Loaded existing patient split from I:\Coding\visioret\model\checkpoints\patient_split.json
Patient split -> train: 4002 patients / val: 858 patients / test: 858 patients (test reserved, untouched during training)
Train samples: 64 | Val samples: 32
Train class counts: {'CNV': 16, 'DME': 16, 'DRUSEN': 16, 'NORMAL': 16}
Trainable params: 22,071,300 / 23,516,228 (unfrozen: ('layer3.', 'layer4.', 'fc.'))
Warm-starting from existing checkpoint I:\Coding\visioret\model\checkpoints\resnet50_oct.pth (prior val_macro_f1=0.9389); optimizer/scheduler start fresh.
Epoch 1/1 (36s) - train_loss: 0.4669 train_acc: 0.8594 - val_loss: 0.1588 val_acc: 0.9375 val_macro_f1: 0.9389 - lr: 1.00e-04
=== Run finished. Best val_macro_f1: 0.9389 ===

=== Run started 2026-08-20 10:53:49 (smoke_test=False) ===
Using device: cuda
Classes detected from folder names: ['CNV', 'DME', 'DRUSEN', 'NORMAL']
Loaded existing patient split from I:\Coding\visioret\model\checkpoints\patient_split.json
Patient split -> train: 4002 patients / val: 858 patients / test: 858 patients (test reserved, untouched during training)
Train samples: 57708 | Val samples: 13630
Train class counts: {'CNV': 24461, 'DME': 7941, 'DRUSEN': 6721, 'NORMAL': 18585}
Trainable params: 22,071,300 / 23,516,228 (unfrozen: ('layer3.', 'layer4.', 'fc.'))
Warm-starting from existing checkpoint I:\Coding\visioret\model\checkpoints\resnet50_oct.pth (prior val_macro_f1=0.9389); optimizer/scheduler start fresh.

=== Run started 2026-08-20 12:20:07 (smoke_test=False) ===
Using device: cuda
Classes detected from folder names: ['CNV', 'DME', 'DRUSEN', 'NORMAL']
Loaded existing patient split from I:\Coding\visioret\model\checkpoints\patient_split.json
Patient split -> train: 4002 patients / val: 858 patients / test: 858 patients (test reserved, untouched during training)
Train samples: 57708 | Val samples: 13630
Train class counts: {'CNV': 24461, 'DME': 7941, 'DRUSEN': 6721, 'NORMAL': 18585}
Trainable params: 22,071,300 / 23,516,228 (unfrozen: ('layer3.', 'layer4.', 'fc.'))
Warm-starting from existing checkpoint I:\Coding\visioret\model\checkpoints\resnet50_oct.pth (prior val_macro_f1=0.9389); optimizer/scheduler start fresh.
Epoch 1/30 (3084s) - train_loss: 0.1504 train_acc: 0.9528 - val_loss: 0.1805 val_acc: 0.9393 val_macro_f1: 0.9089 - lr: 1.00e-04
Epoch 2/30 (3375s) - train_loss: 0.1160 train_acc: 0.9624 - val_loss: 0.1856 val_acc: 0.9379 val_macro_f1: 0.9054 - lr: 1.00e-04

=== Run started 2026-08-20 15:40:48 (smoke_test=False) ===
Using device: cuda
Classes detected from folder names: ['CNV', 'DME', 'DRUSEN', 'NORMAL']
Loaded existing patient split from I:\Coding\visioret\model\checkpoints\patient_split.json
Patient split -> train: 4002 patients / val: 858 patients / test: 858 patients (test reserved, untouched during training)
Train samples: 57708 | Val samples: 13630
Train class counts: {'CNV': 24461, 'DME': 7941, 'DRUSEN': 6721, 'NORMAL': 18585}
Trainable params: 22,071,300 / 23,516,228 (unfrozen: ('layer3.', 'layer4.', 'fc.'))
Resumed from I:\Coding\visioret\model\checkpoints\train_full_resume_state.pth: starting at epoch 3, best_macro_f1=0.9389, epochs_without_improvement=2
Epoch 3/30 (3240s) - train_loss: 0.1015 train_acc: 0.9676 - val_loss: 0.2203 val_acc: 0.9295 val_macro_f1: 0.8933 - lr: 1.00e-04
Epoch 4/30 (3828s) - train_loss: 0.0885 train_acc: 0.9719 - val_loss: 0.2299 val_acc: 0.9277 val_macro_f1: 0.8913 - lr: 5.00e-05
Epoch 5/30 (3525s) - train_loss: 0.0626 train_acc: 0.9797 - val_loss: 0.2155 val_acc: 0.9377 val_macro_f1: 0.9030 - lr: 5.00e-05
No improvement for 5 epochs, stopping early.
=== Run finished. Best val_macro_f1: 0.9389 ===

=== Run started 2026-08-21 10:36:39 (smoke_test=False) ===
Using device: cuda
Classes detected from folder names: ['CNV', 'DME', 'DRUSEN', 'NORMAL']
Loaded existing patient split from I:\Coding\visioret\model\checkpoints\patient_split.json
Patient split -> train: 4002 patients / val: 858 patients / test: 858 patients (test reserved, untouched during training)
Train samples: 57708 | Val samples: 13630
Train class counts: {'CNV': 24461, 'DME': 7941, 'DRUSEN': 6721, 'NORMAL': 18585}
Trainable params: 22,071,300 / 23,516,228 (unfrozen: ('layer3.', 'layer4.', 'fc.'))
Warm-starting from existing checkpoint I:\Coding\visioret\model\checkpoints\resnet50_oct.pth (prior val_macro_f1=0.9389); optimizer/scheduler start fresh.
Epoch 1/30 (3848s) - train_loss: 0.1498 train_acc: 0.9519 - val_loss: 0.1608 val_acc: 0.9476 val_macro_f1: 0.9184 - lr: 1.00e-04
Epoch 2/30 (3541s) - train_loss: 0.1160 train_acc: 0.9633 - val_loss: 0.1868 val_acc: 0.9403 val_macro_f1: 0.9085 - lr: 1.00e-04
Epoch 3/30 (2690s) - train_loss: 0.0994 train_acc: 0.9678 - val_loss: 0.1883 val_acc: 0.9413 val_macro_f1: 0.9090 - lr: 1.00e-04
Epoch 4/30 (2214s) - train_loss: 0.0887 train_acc: 0.9711 - val_loss: 0.1867 val_acc: 0.9409 val_macro_f1: 0.9073 - lr: 5.00e-05
Epoch 5/30 (2673s) - train_loss: 0.0620 train_acc: 0.9799 - val_loss: 0.2176 val_acc: 0.9393 val_macro_f1: 0.9054 - lr: 5.00e-05
No improvement for 5 epochs, stopping early.
=== Run finished. Best val_macro_f1: 0.9389 ===
